// Jest Snapshot v1, https://goo.gl/fbAQLP

exports[`tags actions fetchTagsError 1`] = `
Object {
  "error": "oh no",
  "type": "FETCH_TAGS_ERROR",
}
`;

exports[`tags actions fetchTagsRequest 1`] = `
Object {
  "type": "FETCH_TAGS_REQUEST",
}
`;

exports[`tags actions fetchTagsSuccess 1`] = `
Object {
  "tags": Array [
    "one",
    "two",
  ],
  "type": "FETCH_TAGS_SUCCESS",
}
`;
