// Jest Snapshot v1, https://goo.gl/fbAQLP

exports[`resource renders with all props 1`] = `
<div
  className="lazyload-placeholder"
  style={
    Object {
      "height": 51,
    }
  }
/>
`;

exports[`resource renders with minimum props 1`] = `
<div
  className="lazyload-placeholder"
  style={
    Object {
      "height": 51,
    }
  }
/>
`;
