// Jest Snapshot v1, https://goo.gl/fbAQLP

exports[`TagItem renders 1`] = `
.c0 {
  padding: 6px;
  font-size: 14px;
  -webkit-text-decoration: none;
  text-decoration: none;
  font-weight: normal;
  cursor: pointer;
  -webkit-text-decoration: underline;
  text-decoration: underline;
}

.c0::after {
  left: -1px;
  top: 0;
  bottom: 0;
  border-left: 3px solid;
}

<span
  className="c0"
  onClick={[Function]}
>
  one
</span>
`;
