// Jest Snapshot v1, https://goo.gl/fbAQLP

exports[`about renders 1`] = `
<div
  className="about__Wrapper-c67j3-1 htguOh"
>
  <main
    className="about__AboutMainSection-c67j3-0 fNkTUf"
  >
    <p>
      marxist.space is a
       
      <a
        href="https://prolesoft.github.io"
        rel="nofollow noopener noreferrer"
        target="_blank"
      >
        ProleSoft
      </a>
       
      project. Check out our
       
      <a
        href="https://prolesoft.github.io/blog"
        rel="nofollow noopener noreferrer"
        target="_blank"
      >
        developer blog
      </a>
      .
    </p>
    <p>
      This project is
       
      <a
        href="https://github.com/prolesoft/marxist.space"
        rel="nofollow noopener noreferrer"
        target="_blank"
      >
        free and open source
      </a>
       
      under the
       
      <a
        href="https://github.com/prolesoft/marxist.space/blob/master/LICENSE.md"
        rel="nofollow noopener noreferrer"
        target="_blank"
      >
        LGPL-3.0
      </a>
       
      license.
       
      <a
        href="https://github.com/prolesoft/marxist.space/blob/master/.github/CONTRIBUTING.md"
        rel="nofollow noopener noreferrer"
        target="_blank"
      >
        Contributions
      </a>
       
      are welcome. You can also email
       
      <a
        href="mailto:marxist.space@protonmail"
        rel="nofollow noopener noreferrer"
        target="_blank"
      >
        marxist.space@protonmail.com
      </a>
       
      or join the discussion on
       
      <a
        href="https://matrix.to/#/!TUENHHyVTWHKRxKiSm:matrix.org?via=matrix.org"
        rel="nofollow noopener noreferrer"
        target="_blank"
      >
        Matrix
      </a>
    </p>
    <p>
      <a
        href="https://stats.uptimerobot.com/5Alqxc0QYg"
        rel="nofollow noopener noreferrer"
        target="_blank"
      >
        Status Page
      </a>
      .
    </p>
  </main>
</div>
`;
