// Jest Snapshot v1, https://goo.gl/fbAQLP

exports[`Spinner renders 1`] = `
.c0 {
  position: absolute;
  top: 50%;
  left: 50%;
  -webkit-animation: jSikFv 1s infinite linear;
  animation: jSikFv 1s infinite linear;
  border: 0.3rem solid undefined4d;
  border-radius: 50%;
  width: 48px;
  height: 48px;
}

<div
  className="c0"
/>
`;
